Archive member included to satisfy reference by file (symbol)

C:/ST/STM32CubeIDE_1.13.2/STM32CubeIDE/plugins/com.st.stm32cube.ide.mcu.externaltools.gnu-tools-for-stm32.13.3.rel1.win32_1.0.0.202411081344/tools/bin/../lib/gcc/arm-none-eabi/13.3.1/../../../../arm-none-eabi/lib/thumb/v8-m.main+fp/hard\libc_nano.a(libc_a-exit.o)
                              C:/ST/STM32CubeIDE_1.13.2/STM32CubeIDE/plugins/com.st.stm32cube.ide.mcu.externaltools.gnu-tools-for-stm32.13.3.rel1.win32_1.0.0.202411081344/tools/bin/../lib/gcc/arm-none-eabi/13.3.1/../../../../arm-none-eabi/lib/thumb/v8-m.main+fp/hard/crt0.o (exit)
C:/ST/STM32CubeIDE_1.13.2/STM32CubeIDE/plugins/com.st.stm32cube.ide.mcu.externaltools.gnu-tools-for-stm32.13.3.rel1.win32_1.0.0.202411081344/tools/bin/../lib/gcc/arm-none-eabi/13.3.1/../../../../arm-none-eabi/lib/thumb/v8-m.main+fp/hard\libc_nano.a(libc_a-findfp.o)
                              C:/ST/STM32CubeIDE_1.13.2/STM32CubeIDE/plugins/com.st.stm32cube.ide.mcu.externaltools.gnu-tools-for-stm32.13.3.rel1.win32_1.0.0.202411081344/tools/bin/../lib/gcc/arm-none-eabi/13.3.1/../../../../arm-none-eabi/lib/thumb/v8-m.main+fp/hard\libc_nano.a(libc_a-exit.o) (__stdio_exit_handler)
C:/ST/STM32CubeIDE_1.13.2/STM32CubeIDE/plugins/com.st.stm32cube.ide.mcu.externaltools.gnu-tools-for-stm32.13.3.rel1.win32_1.0.0.202411081344/tools/bin/../lib/gcc/arm-none-eabi/13.3.1/../../../../arm-none-eabi/lib/thumb/v8-m.main+fp/hard\libc_nano.a(libc_a-fwalk.o)
                              C:/ST/STM32CubeIDE_1.13.2/STM32CubeIDE/plugins/com.st.stm32cube.ide.mcu.externaltools.gnu-tools-for-stm32.13.3.rel1.win32_1.0.0.202411081344/tools/bin/../lib/gcc/arm-none-eabi/13.3.1/../../../../arm-none-eabi/lib/thumb/v8-m.main+fp/hard\libc_nano.a(libc_a-findfp.o) (_fwalk_sglue)
C:/ST/STM32CubeIDE_1.13.2/STM32CubeIDE/plugins/com.st.stm32cube.ide.mcu.externaltools.gnu-tools-for-stm32.13.3.rel1.win32_1.0.0.202411081344/tools/bin/../lib/gcc/arm-none-eabi/13.3.1/../../../../arm-none-eabi/lib/thumb/v8-m.main+fp/hard\libc_nano.a(libc_a-stdio.o)
                              C:/ST/STM32CubeIDE_1.13.2/STM32CubeIDE/plugins/com.st.stm32cube.ide.mcu.externaltools.gnu-tools-for-stm32.13.3.rel1.win32_1.0.0.202411081344/tools/bin/../lib/gcc/arm-none-eabi/13.3.1/../../../../arm-none-eabi/lib/thumb/v8-m.main+fp/hard\libc_nano.a(libc_a-findfp.o) (__sread)
C:/ST/STM32CubeIDE_1.13.2/STM32CubeIDE/plugins/com.st.stm32cube.ide.mcu.externaltools.gnu-tools-for-stm32.13.3.rel1.win32_1.0.0.202411081344/tools/bin/../lib/gcc/arm-none-eabi/13.3.1/../../../../arm-none-eabi/lib/thumb/v8-m.main+fp/hard\libc_nano.a(libc_a-memcmp.o)
                              ./Core/Src/Boot.o (memcmp)
C:/ST/STM32CubeIDE_1.13.2/STM32CubeIDE/plugins/com.st.stm32cube.ide.mcu.externaltools.gnu-tools-for-stm32.13.3.rel1.win32_1.0.0.202411081344/tools/bin/../lib/gcc/arm-none-eabi/13.3.1/../../../../arm-none-eabi/lib/thumb/v8-m.main+fp/hard\libc_nano.a(libc_a-memset.o)
                              C:/ST/STM32CubeIDE_1.13.2/STM32CubeIDE/plugins/com.st.stm32cube.ide.mcu.externaltools.gnu-tools-for-stm32.13.3.rel1.win32_1.0.0.202411081344/tools/bin/../lib/gcc/arm-none-eabi/13.3.1/../../../../arm-none-eabi/lib/thumb/v8-m.main+fp/hard/crt0.o (memset)
C:/ST/STM32CubeIDE_1.13.2/STM32CubeIDE/plugins/com.st.stm32cube.ide.mcu.externaltools.gnu-tools-for-stm32.13.3.rel1.win32_1.0.0.202411081344/tools/bin/../lib/gcc/arm-none-eabi/13.3.1/../../../../arm-none-eabi/lib/thumb/v8-m.main+fp/hard\libc_nano.a(libc_a-closer.o)
                              C:/ST/STM32CubeIDE_1.13.2/STM32CubeIDE/plugins/com.st.stm32cube.ide.mcu.externaltools.gnu-tools-for-stm32.13.3.rel1.win32_1.0.0.202411081344/tools/bin/../lib/gcc/arm-none-eabi/13.3.1/../../../../arm-none-eabi/lib/thumb/v8-m.main+fp/hard\libc_nano.a(libc_a-stdio.o) (_close_r)
C:/ST/STM32CubeIDE_1.13.2/STM32CubeIDE/plugins/com.st.stm32cube.ide.mcu.externaltools.gnu-tools-for-stm32.13.3.rel1.win32_1.0.0.202411081344/tools/bin/../lib/gcc/arm-none-eabi/13.3.1/../../../../arm-none-eabi/lib/thumb/v8-m.main+fp/hard\libc_nano.a(libc_a-reent.o)
                              C:/ST/STM32CubeIDE_1.13.2/STM32CubeIDE/plugins/com.st.stm32cube.ide.mcu.externaltools.gnu-tools-for-stm32.13.3.rel1.win32_1.0.0.202411081344/tools/bin/../lib/gcc/arm-none-eabi/13.3.1/../../../../arm-none-eabi/lib/thumb/v8-m.main+fp/hard\libc_nano.a(libc_a-closer.o) (errno)
C:/ST/STM32CubeIDE_1.13.2/STM32CubeIDE/plugins/com.st.stm32cube.ide.mcu.externaltools.gnu-tools-for-stm32.13.3.rel1.win32_1.0.0.202411081344/tools/bin/../lib/gcc/arm-none-eabi/13.3.1/../../../../arm-none-eabi/lib/thumb/v8-m.main+fp/hard\libc_nano.a(libc_a-impure.o)
                              C:/ST/STM32CubeIDE_1.13.2/STM32CubeIDE/plugins/com.st.stm32cube.ide.mcu.externaltools.gnu-tools-for-stm32.13.3.rel1.win32_1.0.0.202411081344/tools/bin/../lib/gcc/arm-none-eabi/13.3.1/../../../../arm-none-eabi/lib/thumb/v8-m.main+fp/hard\libc_nano.a(libc_a-reent.o) (_impure_ptr)
[...]
Memory Configuration

Name             Origin             Length             Attributes
RAM              0x20000000         0x00044000         xrw
FLASH            0x08000000         0x00007ff0         xr
*default*        0x00000000         0xffffffff

Linker script and memory map

LOAD C:/ST/STM32CubeIDE_1.13.2/STM32CubeIDE/plugins/com.st.stm32cube.ide.mcu.externaltools.gnu-tools-for-stm32.13.3.rel1.win32_1.0.0.202411081344/tools/bin/../lib/gcc/arm-none-eabi/13.3.1/thumb/v8-m.main+fp/hard/crti.o
LOAD C:/ST/STM32CubeIDE_1.13.2/STM32CubeIDE/plugins/com.st.stm32cube.ide.mcu.externaltools.gnu-tools-for-stm32.13.3.rel1.win32_1.0.0.202411081344/tools/bin/../lib/gcc/arm-none-eabi/13.3.1/thumb/v8-m.main+fp/hard/crtbegin.o
LOAD C:/ST/STM32CubeIDE_1.13.2/STM32CubeIDE/plugins/com.st.stm32cube.ide.mcu.externaltools.gnu-tools-for-stm32.13.3.rel1.win32_1.0.0.202411081344/tools/bin/../lib/gcc/arm-none-eabi/13.3.1/../../../../arm-none-eabi/lib/thumb/v8-m.main+fp/hard/crt0.o
LOAD ./Core/Src/Boot.o
LOAD ./Core/Src/boot_app.o
LOAD ./Core/Src/main.o
LOAD ./Core/Src/stm32h5xx_hal_msp.o
LOAD ./Core/Src/stm32h5xx_it.o
LOAD ./Core/Src/syscalls.o
LOAD ./Core/Src/sysmem.o
LOAD ./Core/Src/system_stm32h5xx.o
LOAD ./Core/Startup/startup_stm32h523retx.o
LOAD ./Drivers/STM32H5xx_HAL_Driver/Src/stm32h5xx_hal.o
LOAD ./Drivers/STM32H5xx_HAL_Driver/Src/stm32h5xx_hal_cortex.o
LOAD ./Drivers/STM32H5xx_HAL_Driver/Src/stm32h5xx_hal_dma.o
LOAD ./Drivers/STM32H5xx_HAL_Driver/Src/stm32h5xx_hal_dma_ex.o
LOAD ./Drivers/STM32H5xx_HAL_Driver/Src/stm32h5xx_hal_exti.o
LOAD ./Drivers/STM32H5xx_HAL_Driver/Src/stm32h5xx_hal_fdcan.o
LOAD ./Drivers/STM32H5xx_HAL_Driver/Src/stm32h5xx_hal_flash.o
LOAD ./Drivers/STM32H5xx_HAL_Driver/Src/stm32h5xx_hal_flash_ex.o
LOAD ./Drivers/STM32H5xx_HAL_Driver/Src/stm32h5xx_hal_gpio.o
LOAD ./Drivers/STM32H5xx_HAL_Driver/Src/stm32h5xx_hal_pwr.o
LOAD ./Drivers/STM32H5xx_HAL_Driver/Src/stm32h5xx_hal_pwr_ex.o
LOAD ./Drivers/STM32H5xx_HAL_Driver/Src/stm32h5xx_hal_rcc.o
LOAD ./Drivers/STM32H5xx_HAL_Driver/Src/stm32h5xx_hal_rcc_ex.o
START GROUP
LOAD C:/ST/STM32CubeIDE_1.13.2/STM32CubeIDE/plugins/com.st.stm32cube.ide.mcu.externaltools.gnu-tools-for-stm32.13.3.rel1.win32_1.0.0.202411081344/tools/bin/../lib/gcc/arm-none-eabi/13.3.1/../../../../arm-none-eabi/lib/thumb/v8-m.main+fp/hard\libc_nano.a
LOAD C:/ST/STM32CubeIDE_1.13.2/STM32CubeIDE/plugins/com.st.stm32cube.ide.mcu.externaltools.gnu-tools-for-stm32.13.3.rel1.win32_1.0.0.202411081344/tools/bin/../lib/gcc/arm-none-eabi/13.3.1/../../../../arm-none-eabi/lib/thumb/v8-m.main+fp/hard\libm.a
END GROUP
START GROUP
LOAD C:/ST/STM32CubeIDE_1.13.2/STM32CubeIDE/plugins/com.st.stm32cube.ide.mcu.externaltools.gnu-tools-for-stm32.13.3.rel1.win32_1.0.0.202411081344/tools/bin/../lib/gcc/arm-none-eabi/13.3.1/thumb/v8-m.main+fp/hard\libgcc.a
LOAD C:/ST/STM32CubeIDE_1.13.2/STM32CubeIDE/plugins/com.st.stm32cube.ide.mcu.externaltools.gnu-tools-for-stm32.13.3.rel1.win32_1.0.0.202411081344/tools/bin/../lib/gcc/arm-none-eabi/13.3.1/../../../../arm-none-eabi/lib/thumb/v8-m.main+fp/hard\libc_nano.a
END GROUP
START GROUP
LOAD C:/ST/STM32CubeIDE_1.13.2/STM32CubeIDE/plugins/com.st.stm32cube.ide.mcu.externaltools.gnu-tools-for-stm32.13.3.rel1.win32_1.0.0.202411081344/tools/bin/../lib/gcc/arm-none-eabi/13.3.1/thumb/v8-m.main+fp/hard\libgcc.a
LOAD C:/ST/STM32CubeIDE_1.13.2/STM32CubeIDE/plugins/com.st.stm32cube.ide.mcu.externaltools.gnu-tools-for-stm32.13.3.rel1.win32_1.0.0.202411081344/tools/bin/../lib/gcc/arm-none-eabi/13.3.1/../../../../arm-none-eabi/lib/thumb/v8-m.main+fp/hard\libc_nano.a
LOAD C:/ST/STM32CubeIDE_1.13.2/STM32CubeIDE/plugins/com.st.stm32cube.ide.mcu.externaltools.gnu-tools-for-stm32.13.3.rel1.win32_1.0.0.202411081344/tools/bin/../lib/gcc/arm-none-eabi/13.3.1/../../../../arm-none-eabi/lib/thumb/v8-m.main+fp/hard\libnosys.a
END GROUP
START GROUP
LOAD C:/ST/STM32CubeIDE_1.13.2/STM32CubeIDE/plugins/com.st.stm32cube.ide.mcu.externaltools.gnu-tools-for-stm32.13.3.rel1.win32_1.0.0.202411081344/tools/bin/../lib/gcc/arm-none-eabi/13.3.1/thumb/v8-m.main+fp/hard\libgcc.a
LOAD C:/ST/STM32CubeIDE_1.13.2/STM32CubeIDE/plugins/com.st.stm32cube.ide.mcu.externaltools.gnu-tools-for-stm32.13.3.rel1.win32_1.0.0.202411081344/tools/bin/../lib/gcc/arm-none-eabi/13.3.1/../../../../arm-none-eabi/lib/thumb/v8-m.main+fp/hard\libc_nano.a
LOAD C:/ST/STM32CubeIDE_1.13.2/STM32CubeIDE/plugins/com.st.stm32cube.ide.mcu.externaltools.gnu-tools-for-stm32.13.3.rel1.win32_1.0.0.202411081344/tools/bin/../lib/gcc/arm-none-eabi/13.3.1/../../../../arm-none-eabi/lib/thumb/v8-m.main+fp/hard\libnosys.a
END GROUP
LOAD C:/ST/STM32CubeIDE_1.13.2/STM32CubeIDE/plugins/com.st.stm32cube.ide.mcu.externaltools.gnu-tools-for-stm32.13.3.rel1.win32_1.0.0.202411081344/tools/bin/../lib/gcc/arm-none-eabi/13.3.1/thumb/v8-m.main+fp/hard/crtend.o
LOAD C:/ST/STM32CubeIDE_1.13.2/STM32CubeIDE/plugins/com.st.stm32cube.ide.mcu.externaltools.gnu-tools-for-stm32.13.3.rel1.win32_1.0.0.202411081344/tools/bin/../lib/gcc/arm-none-eabi/13.3.1/thumb/v8-m.main+fp/hard/crtn.o
                0x20044000                        _estack = (ORIGIN (RAM) + LENGTH (RAM))
                0x00000200                        _Min_Heap_Size = 0x200
                0x00000400                        _Min_Stack_Size = 0x400

.isr_vector     0x08000000      0x254
                0x08000000                        . = ALIGN (0x4)
 *(.isr_vector)
 .isr_vector    0x08000000      0x254 ./Core/Startup/startup_stm32h523retx.o
                0x08000000                g_pfnVectors
                0x08000254                        . = ALIGN (0x4)

.text           0x08000254     0x47f4
                0x08000254                        . = ALIGN (0x4)
 *(.text)
 .text          0x08000254       0x40 C:/ST/STM32CubeIDE_1.13.2/STM32CubeIDE/plugins/com.st.stm32cube.ide.mcu.externaltools.gnu-tools-for-stm32.13.3.rel1.win32_1.0.0.202411081344/tools/bin/../lib/gcc/arm-none-eabi/13.3.1/thumb/v8-m.main+fp/hard/crtbegin.o
 *(.text*)
 .text.GetAppSize
                0x08000294       0x5c ./Core/Src/Boot.o
                0x08000294                GetAppSize
 .text.SetDefaultBoot
                0x080002f0       0xbc ./Core/Src/Boot.o
                0x080002f0                SetDefaultBoot
 .text.BootProcess
                0x080003ac      0x3d4 ./Core/Src/Boot.o
                0x080003ac                BootProcess
 .text.crc32    0x08000780       0x54 ./Core/Src/Boot.o
                0x08000780                crc32
 .text.Image_crc32
                0x080007d4       0x5c ./Core/Src/Boot.o
                0x080007d4                Image_crc32
 .text.ReadBootWatchDog
                0x08000830       0x20 ./Core/Src/boot_app.o
                0x08000830                ReadBootWatchDog
 .text.WriteBootWatchDog
                0x08000850       0x34 ./Core/Src/boot_app.o
                0x08000850                WriteBootWatchDog
 .text.ReadProgramWatchDog
                0x08000884       0x14 ./Core/Src/boot_app.o
                0x08000884                ReadProgramWatchDog
 .text.EraseCfg
                0x08000898        0xe ./Core/Src/boot_app.o
                0x08000898                EraseCfg
 *fill*         0x080008a6        0x2 
 .text.GetMainCodeAdr
                0x080008a8       0x14 ./Core/Src/boot_app.o
                0x080008a8                GetMainCodeAdr
 .text.GetUpdateCodeAdr
                0x080008bc       0x14 ./Core/Src/boot_app.o
                0x080008bc                GetUpdateCodeAdr
 .text.GetDefaultCodeAdr
                0x080008d0       0x14 ./Core/Src/boot_app.o
                0x080008d0                GetDefaultCodeAdr
 .text.EraseApp
                0x080008e4       0xc4 ./Core/Src/boot_app.o
                0x080008e4                EraseApp
 .text.SetApp   0x080009a8       0xb8 ./Core/Src/boot_app.o
                0x080009a8                SetApp
 .text.GetWord  0x08000a60       0x5c ./Core/Src/boot_app.o
                0x08000a60                GetWord
 .text.GetByte  0x08000abc       0x58 ./Core/Src/boot_app.o
                0x08000abc                GetByte
 .text.SetWord  0x08000b14       0x98 ./Core/Src/boot_app.o
                0x08000b14                SetWord
 .text.CallApplication
                0x08000bac       0xa8 ./Core/Src/boot_app.o
                0x08000bac                CallApplication
 .text.main     0x08000c54       0x20 ./Core/Src/main.o
                0x08000c54                main
 .text.SystemClock_Config
                0x08000c74       0xe4 ./Core/Src/main.o
                0x08000c74                SystemClock_Config
 .text.MX_FDCAN1_Init
                0x08000d58       0x8c ./Core/Src/main.o
 .text.MX_FDCAN2_Init
                0x08000de4       0x8c ./Core/Src/main.o
 .text.MX_GPIO_Init
                0x08000e70       0x70 ./Core/Src/main.o
 .text.Error_Handler
                0x08000ee0        0xc ./Core/Src/main.o
                0x08000ee0                Error_Handler
 .text.HAL_MspInit
                0x08000eec        0xe ./Core/Src/stm32h5xx_hal_msp.o
                0x08000eec                HAL_MspInit
 *fill*         0x08000efa        0x2 
 .text.HAL_FDCAN_MspInit
                0x08000efc      0x1a0 ./Core/Src/stm32h5xx_hal_msp.o
                0x08000efc                HAL_FDCAN_MspInit
 .text.__NVIC_SystemReset
                0x0800109c       0x2c ./Core/Src/stm32h5xx_it.o
 .text.NMI_Handler
                0x080010c8        0xe ./Core/Src/stm32h5xx_it.o
                0x080010c8                NMI_Handler
 .text.HardFault_Handler
                0x080010d6        0x8 ./Core/Src/stm32h5xx_it.o
                0x080010d6                HardFault_Handler
 .text.MemManage_Handler
                0x080010de        0x8 ./Core/Src/stm32h5xx_it.o
                0x080010de                MemManage_Handler
 .text.BusFault_Handler
                0x080010e6        0x8 ./Core/Src/stm32h5xx_it.o
                0x080010e6                BusFault_Handler
 .text.UsageFault_Handler
                0x080010ee        0x8 ./Core/Src/stm32h5xx_it.o
                0x080010ee                UsageFault_Handler
 .text.SVC_Handler
                0x080010f6        0xe ./Core/Src/stm32h5xx_it.o
                0x080010f6                SVC_Handler
 .text.DebugMon_Handler
                0x08001104        0xe ./Core/Src/stm32h5xx_it.o
                0x08001104                DebugMon_Handler
 .text.PendSV_Handler
                0x08001112        0xe ./Core/Src/stm32h5xx_it.o
                0x08001112                PendSV_Handler
 .text.SysTick_Handler
                0x08001120        0xc ./Core/Src/stm32h5xx_it.o
                0x08001120                SysTick_Handler
 .text.SystemInit
                0x0800112c       0xf8 ./Core/Src/system_stm32h5xx.o
                0x0800112c                SystemInit
 .text.Reset_Handler
                0x08001224       0x50 ./Core/Startup/startup_stm32h523retx.o
                0x08001224                Reset_Handler
 .text.Default_Handler
                0x08001274        0x2 ./Core/Startup/startup_stm32h523retx.o
                0x08001274                EXTI2_IRQHandler
                0x08001274                TIM8_TRG_COM_IRQHandler
                0x08001274                TIM8_CC_IRQHandler
                0x08001274                EXTI5_IRQHandler
                0x08001274                I3C1_ER_IRQHandler
                0x08001274                SPI4_IRQHandler
                0x08001274                GPDMA2_Channel1_IRQHandler
                0x08001274                FLASH_S_IRQHandler
                0x08001274                EXTI13_IRQHandler
                0x08001274                TIM1_CC_IRQHandler
                0x08001274                GPDMA2_Channel3_IRQHandler
                0x08001274                TAMP_IRQHandler
                0x08001274                TIM6_IRQHandler
                0x08001274                EXTI12_IRQHandler
                0x08001274                USB_DRD_FS_IRQHandler
                0x08001274                EXTI3_IRQHandler
                0x08001274                GPDMA1_Channel5_IRQHandler
                0x08001274                EXTI8_IRQHandler
                0x08001274                GPDMA2_Channel5_IRQHandler
                0x08001274                LPTIM2_IRQHandler
                0x08001274                I2C3_ER_IRQHandler
                0x08001274                GPDMA2_Channel2_IRQHandler
                0x08001274                EXTI0_IRQHandler
                0x08001274                I2C2_EV_IRQHandler
                0x08001274                FPU_IRQHandler
                0x08001274                GPDMA1_Channel3_IRQHandler
                0x08001274                GPDMA1_Channel7_IRQHandler
                0x08001274                FDCAN1_IT1_IRQHandler
                0x08001274                RAMCFG_IRQHandler
                0x08001274                DCACHE1_IRQHandler
                0x08001274                SPI1_IRQHandler
                0x08001274                OCTOSPI1_IRQHandler
                0x08001274                GPDMA1_Channel2_IRQHandler
                0x08001274                TIM8_UP_IRQHandler
                0x08001274                RCC_S_IRQHandler
                0x08001274                ADC1_IRQHandler
                0x08001274                USART6_IRQHandler
                0x08001274                I3C2_ER_IRQHandler
                0x08001274                EXTI15_IRQHandler
                0x08001274                USART3_IRQHandler
                0x08001274                RTC_IRQHandler
                0x08001274                EXTI9_IRQHandler
                0x08001274                UART5_IRQHandler
                0x08001274                TIM4_IRQHandler
                0x08001274                I3C2_EV_IRQHandler
                0x08001274                I2C1_EV_IRQHandler
                0x08001274                GPDMA1_Channel1_IRQHandler
                0x08001274                UART4_IRQHandler
                0x08001274                SecureFault_Handler
                0x08001274                TIM3_IRQHandler
                0x08001274                RCC_IRQHandler
                0x08001274                TIM1_TRG_COM_IRQHandler
                0x08001274                Default_Handler
                0x08001274                CEC_IRQHandler
                0x08001274                GPDMA2_Channel4_IRQHandler
                0x08001274                TIM12_IRQHandler
                0x08001274                TIM7_IRQHandler
                0x08001274                SDMMC1_IRQHandler
                0x08001274                TIM5_IRQHandler
                0x08001274                UCPD1_IRQHandler
                0x08001274                GPDMA1_Channel0_IRQHandler
                0x08001274                I3C1_EV_IRQHandler
                0x08001274                TIM15_IRQHandler
                0x08001274                PVD_AVD_IRQHandler
                0x08001274                I2C3_EV_IRQHandler
                0x08001274                ADC2_IRQHandler
                0x08001274                SPI2_IRQHandler
                0x08001274                EXTI14_IRQHandler
                0x08001274                EXTI11_IRQHandler
                0x08001274                CRS_IRQHandler
                0x08001274                EXTI4_IRQHandler
                0x08001274                GPDMA2_Channel0_IRQHandler
                0x08001274                RTC_S_IRQHandler
                0x08001274                RNG_IRQHandler
                0x08001274                FDCAN2_IT1_IRQHandler
                0x08001274                GPDMA2_Channel6_IRQHandler
                0x08001274                TIM1_UP_IRQHandler
                0x08001274                WWDG_IRQHandler
                0x08001274                FDCAN2_IT0_IRQHandler
                0x08001274                IWDG_IRQHandler
                0x08001274                LPUART1_IRQHandler
                0x08001274                FDCAN1_IT0_IRQHandler
                0x08001274                TIM2_IRQHandler
                0x08001274                GPDMA1_Channel4_IRQHandler
                0x08001274                EXTI7_IRQHandler
                0x08001274                TIM1_BRK_IRQHandler
                0x08001274                EXTI1_IRQHandler
                0x08001274                DAC1_IRQHandler
                0x08001274                DTS_IRQHandler
                0x08001274                GTZC_IRQHandler
                0x08001274                USART2_IRQHandler
                0x08001274                GPDMA1_Channel6_IRQHandler
                0x08001274                GPDMA2_Channel7_IRQHandler
                0x08001274                I2C2_ER_IRQHandler
                0x08001274                TIM8_BRK_IRQHandler
                0x08001274                FLASH_IRQHandler
                0x08001274                USART1_IRQHandler
                0x08001274                EXTI10_IRQHandler
                0x08001274                SPI3_IRQHandler
                0x08001274                I2C1_ER_IRQHandler
                0x08001274                FMC_IRQHandler
                0x08001274                EXTI6_IRQHandler
                0x08001274                LPTIM1_IRQHandler
                0x08001274                DCMI_PSSI_IRQHandler
                0x08001274                ICACHE_IRQHandler
                0x08001274                HASH_IRQHandler
 *fill*         0x08001276        0x2 
 .text.HAL_Init
                0x08001278       0x50 ./Drivers/STM32H5xx_HAL_Driver/Src/stm32h5xx_hal.o
                0x08001278                HAL_Init
 .text.HAL_DeInit
                0x080012c8       0x88 ./Drivers/STM32H5xx_HAL_Driver/Src/stm32h5xx_hal.o
                0x080012c8                HAL_DeInit
 .text.HAL_MspDeInit
                0x08001350        0xe ./Drivers/STM32H5xx_HAL_Driver/Src/stm32h5xx_hal.o
                0x08001350                HAL_MspDeInit
 *fill*         0x0800135e        0x2 
 .text.HAL_InitTick
                0x08001360       0xec ./Drivers/STM32H5xx_HAL_Driver/Src/stm32h5xx_hal.o
                0x08001360                HAL_InitTick
 .text.HAL_IncTick
                0x0800144c       0x28 ./Drivers/STM32H5xx_HAL_Driver/Src/stm32h5xx_hal.o
                0x0800144c                HAL_IncTick
 .text.HAL_GetTick
                0x08001474       0x18 ./Drivers/STM32H5xx_HAL_Driver/Src/stm32h5xx_hal.o
                0x08001474                HAL_GetTick
 .text.__NVIC_SetPriorityGrouping
                0x0800148c       0x48 ./Drivers/STM32H5xx_HAL_Driver/Src/stm32h5xx_hal_cortex.o
 .text.__NVIC_GetPriorityGrouping
                0x080014d4       0x1c ./Drivers/STM32H5xx_HAL_Driver/Src/stm32h5xx_hal_cortex.o
 .text.__NVIC_SetPriority
                0x080014f0       0x54 ./Drivers/STM32H5xx_HAL_Driver/Src/stm32h5xx_hal_cortex.o
 .text.NVIC_EncodePriority
                0x08001544       0x66 ./Drivers/STM32H5xx_HAL_Driver/Src/stm32h5xx_hal_cortex.o
 .text.HAL_NVIC_SetPriorityGrouping
                0x080015aa       0x16 ./Drivers/STM32H5xx_HAL_Driver/Src/stm32h5xx_hal_cortex.o
                0x080015aa                HAL_NVIC_SetPriorityGrouping
 .text.HAL_NVIC_SetPriority
                0x080015c0       0x34 ./Drivers/STM32H5xx_HAL_Driver/Src/stm32h5xx_hal_cortex.o
                0x080015c0                HAL_NVIC_SetPriority
 .text.HAL_SYSTICK_Config
                0x080015f4       0x44 ./Drivers/STM32H5xx_HAL_Driver/Src/stm32h5xx_hal_cortex.o
                0x080015f4                HAL_SYSTICK_Config
 .text.HAL_SYSTICK_CLKSourceConfig
                0x08001638       0xb0 ./Drivers/STM32H5xx_HAL_Driver/Src/stm32h5xx_hal_cortex.o
                0x08001638                HAL_SYSTICK_CLKSourceConfig
 .text.HAL_SYSTICK_GetCLKSourceConfig
                0x080016e8       0x6c ./Drivers/STM32H5xx_HAL_Driver/Src/stm32h5xx_hal_cortex.o
                0x080016e8                HAL_SYSTICK_GetCLKSourceConfig
 .text.HAL_FDCAN_Init
                0x08001754      0x2b4 ./Drivers/STM32H5xx_HAL_Driver/Src/stm32h5xx_hal_fdcan.o
                0x08001754                HAL_FDCAN_Init
 .text.FDCAN_CalcultateRamBlockAddresses
                0x08001a08       0xc4 ./Drivers/STM32H5xx_HAL_Driver/Src/stm32h5xx_hal_fdcan.o
 .text.HAL_FLASH_Program
                0x08001acc       0xf0 ./Drivers/STM32H5xx_HAL_Driver/Src/stm32h5xx_hal_flash.o
                0x08001acc                HAL_FLASH_Program
 .text.HAL_FLASH_Unlock
                0x08001bbc       0x4c ./Drivers/STM32H5xx_HAL_Driver/Src/stm32h5xx_hal_flash.o
                0x08001bbc                HAL_FLASH_Unlock
 .text.HAL_FLASH_Lock
                0x08001c08       0x38 ./Drivers/STM32H5xx_HAL_Driver/Src/stm32h5xx_hal_flash.o
                0x08001c08                HAL_FLASH_Lock
 .text.HAL_FLASH_GetError
                0x08001c40       0x18 ./Drivers/STM32H5xx_HAL_Driver/Src/stm32h5xx_hal_flash.o
                0x08001c40                HAL_FLASH_GetError
 .text.FLASH_WaitForLastOperation
                0x08001c58       0x9c ./Drivers/STM32H5xx_HAL_Driver/Src/stm32h5xx_hal_flash.o
                0x08001c58                FLASH_WaitForLastOperation
 .text.FLASH_Program_QuadWord
                0x08001cf4       0x78 ./Drivers/STM32H5xx_HAL_Driver/Src/stm32h5xx_hal_flash.o
 .text.FLASH_Program_QuadWord_OBK
                0x08001d6c       0x98 ./Drivers/STM32H5xx_HAL_Driver/Src/stm32h5xx_hal_flash.o
 .text.FLASH_Program_HalfWord
                0x08001e04       0x34 ./Drivers/STM32H5xx_HAL_Driver/Src/stm32h5xx_hal_flash.o
 .text.FLASH_Program_Word
                0x08001e38       0x34 ./Drivers/STM32H5xx_HAL_Driver/Src/stm32h5xx_hal_flash.o
 .text.HAL_FLASHEx_Erase
                0x08001e6c      0x100 ./Drivers/STM32H5xx_HAL_Driver/Src/stm32h5xx_hal_flash_ex.o
                0x08001e6c                HAL_FLASHEx_Erase
 .text.FLASH_MassErase
                0x08001f6c       0x70 ./Drivers/STM32H5xx_HAL_Driver/Src/stm32h5xx_hal_flash_ex.o
 .text.FLASH_Erase_Sector
                0x08001fdc       0x70 ./Drivers/STM32H5xx_HAL_Driver/Src/stm32h5xx_hal_flash_ex.o
                0x08001fdc                FLASH_Erase_Sector
 .text.FLASH_OBKErase
                0x0800204c       0x28 ./Drivers/STM32H5xx_HAL_Driver/Src/stm32h5xx_hal_flash_ex.o
 .text.HAL_GPIO_Init
                0x08002074      0x2bc ./Drivers/STM32H5xx_HAL_Driver/Src/stm32h5xx_hal_gpio.o
                0x08002074                HAL_GPIO_Init
 .text.HAL_RCC_DeInit
                0x08002330      0x238 ./Drivers/STM32H5xx_HAL_Driver/Src/stm32h5xx_hal_rcc.o
                0x08002330                HAL_RCC_DeInit
 .text.HAL_RCC_OscConfig
                0x08002568      0x870 ./Drivers/STM32H5xx_HAL_Driver/Src/stm32h5xx_hal_rcc.o
                0x08002568                HAL_RCC_OscConfig
 .text.HAL_RCC_ClockConfig
                0x08002dd8      0x370 ./Drivers/STM32H5xx_HAL_Driver/Src/stm32h5xx_hal_rcc.o
                0x08002dd8                HAL_RCC_ClockConfig
 .text.HAL_RCC_GetSysClockFreq
                0x08003148      0x258 ./Drivers/STM32H5xx_HAL_Driver/Src/stm32h5xx_hal_rcc.o
                0x08003148                HAL_RCC_GetSysClockFreq
 .text.HAL_RCC_GetHCLKFreq
                0x080033a0       0x38 ./Drivers/STM32H5xx_HAL_Driver/Src/stm32h5xx_hal_rcc.o
                0x080033a0                HAL_RCC_GetHCLKFreq
 .text.HAL_RCCEx_PeriphCLKConfig
                0x080033d8     0x1380 ./Drivers/STM32H5xx_HAL_Driver/Src/stm32h5xx_hal_rcc_ex.o
                0x080033d8                HAL_RCCEx_PeriphCLKConfig
 .text.RCCEx_PLL2_Config
                0x08004758      0x130 ./Drivers/STM32H5xx_HAL_Driver/Src/stm32h5xx_hal_rcc_ex.o
 .text.RCCEx_PLL3_Config
                0x08004888      0x130 ./Drivers/STM32H5xx_HAL_Driver/Src/stm32h5xx_hal_rcc_ex.o
 .text.memcmp   0x080049b8       0x20 C:/ST/STM32CubeIDE_1.13.2/STM32CubeIDE/plugins/com.st.stm32cube.ide.mcu.externaltools.gnu-tools-for-stm32.13.3.rel1.win32_1.0.0.202411081344/tools/bin/../lib/gcc/arm-none-eabi/13.3.1/../../../../arm-none-eabi/lib/thumb/v8-m.main+fp/hard\libc_nano.a(libc_a-memcmp.o)
                0x080049b8                memcmp
 .text.memset   0x080049d8       0x10 C:/ST/STM32CubeIDE_1.13.2/STM32CubeIDE/plugins/com.st.stm32cube.ide.mcu.externaltools.gnu-tools-for-stm32.13.3.rel1.win32_1.0.0.202411081344/tools/bin/../lib/gcc/arm-none-eabi/13.3.1/../../../../arm-none-eabi/lib/thumb/v8-m.main+fp/hard\libc_nano.a(libc_a-memset.o)
                0x080049d8                memset
 .text.__libc_init_array
                0x080049e8       0x48 C:/ST/STM32CubeIDE_1.13.2/STM32CubeIDE/plugins/com.st.stm32cube.ide.mcu.externaltools.gnu-tools-for-stm32.13.3.rel1.win32_1.0.0.202411081344/tools/bin/../lib/gcc/arm-none-eabi/13.3.1/../../../../arm-none-eabi/lib/thumb/v8-m.main+fp/hard\libc_nano.a(libc_a-init.o)
                0x080049e8                __libc_init_array
 *(.glue_7)
 .glue_7        0x08004a30        0x0 linker stubs
 *(.glue_7t)
 .glue_7t       0x08004a30        0x0 linker stubs
 *(.eh_frame)
 .eh_frame      0x08004a30        0x0 C:/ST/STM32CubeIDE_1.13.2/STM32CubeIDE/plugins/com.st.stm32cube.ide.mcu.externaltools.gnu-tools-for-stm32.13.3.rel1.win32_1.0.0.202411081344/tools/bin/../lib/gcc/arm-none-eabi/13.3.1/thumb/v8-m.main+fp/hard/crtbegin.o
 *(.init)
 .init          0x08004a30        0x4 C:/ST/STM32CubeIDE_1.13.2/STM32CubeIDE/plugins/com.st.stm32cube.ide.mcu.externaltools.gnu-tools-for-stm32.13.3.rel1.win32_1.0.0.202411081344/tools/bin/../lib/gcc/arm-none-eabi/13.3.1/thumb/v8-m.main+fp/hard/crti.o
                0x08004a30                _init
 .init          0x08004a34        0x8 C:/ST/STM32CubeIDE_1.13.2/STM32CubeIDE/plugins/com.st.stm32cube.ide.mcu.externaltools.gnu-tools-for-stm32.13.3.rel1.win32_1.0.0.202411081344/tools/bin/../lib/gcc/arm-none-eabi/13.3.1/thumb/v8-m.main+fp/hard/crtn.o
 *(.fini)
 .fini          0x08004a3c        0x4 C:/ST/STM32CubeIDE_1.13.2/STM32CubeIDE/plugins/com.st.stm32cube.ide.mcu.externaltools.gnu-tools-for-stm32.13.3.rel1.win32_1.0.0.202411081344/tools/bin/../lib/gcc/arm-none-eabi/13.3.1/thumb/v8-m.main+fp/hard/crti.o
                0x08004a3c                _fini
 .fini          0x08004a40        0x8 C:/ST/STM32CubeIDE_1.13.2/STM32CubeIDE/plugins/com.st.stm32cube.ide.mcu.externaltools.gnu-tools-for-stm32.13.3.rel1.win32_1.0.0.202411081344/tools/bin/../lib/gcc/arm-none-eabi/13.3.1/thumb/v8-m.main+fp/hard/crtn.o
                0x08004a48                        . = ALIGN (0x4)
                0x08004a48                        _etext = .

.vfp11_veneer   0x08004a48        0x0
 .vfp11_veneer  0x08004a48        0x0 linker stubs

.v4_bx          0x08004a48        0x0
 .v4_bx         0x08004a48        0x0 linker stubs

.iplt           0x08004a48        0x0
 .iplt          0x08004a48        0x0 C:/ST/STM32CubeIDE_1.13.2/STM32CubeIDE/plugins/com.st.stm32cube.ide.mcu.externaltools.gnu-tools-for-stm32.13.3.rel1.win32_1.0.0.202411081344/tools/bin/../lib/gcc/arm-none-eabi/13.3.1/thumb/v8-m.main+fp/hard/crtbegin.o

.rodata         0x08004a48       0x20
                0x08004a48                        . = ALIGN (0x4)
 *(.rodata)
 .rodata        0x08004a48       0x10 ./Core/Src/boot_app.o
 *(.rodata*)
 .rodata.AHBPrescTable
                0x08004a58       0x10 ./Core/Src/system_stm32h5xx.o
                0x08004a58                AHBPrescTable
                0x08004a68                        . = ALIGN (0x4)

.ARM.extab      0x08004a68        0x0
                0x08004a68                        . = ALIGN (0x4)
 *(.ARM.extab* .gnu.linkonce.armextab.*)
                0x08004a68                        . = ALIGN (0x4)

.ARM            0x08004a68        0x0
                0x08004a68                        . = ALIGN (0x4)
                0x08004a68                        __exidx_start = .
 *(.ARM.exidx*)
                0x08004a68                        __exidx_end = .
                0x08004a68                        . = ALIGN (0x4)

.preinit_array  0x08004a68        0x0
                0x08004a68                        . = ALIGN (0x4)
                0x08004a68                        PROVIDE (__preinit_array_start = .)
 *(.preinit_array*)
                0x08004a68                        PROVIDE (__preinit_array_end = .)
                0x08004a68                        . = ALIGN (0x4)

.init_array     0x08004a68        0x4
                0x08004a68                        . = ALIGN (0x4)
                0x08004a68                        PROVIDE (__init_array_start = .)
 *(SORT_BY_NAME(.init_array.*))
 *(.init_array*)
 .init_array    0x08004a68        0x4 C:/ST/STM32CubeIDE_1.13.2/STM32CubeIDE/plugins/com.st.stm32cube.ide.mcu.externaltools.gnu-tools-for-stm32.13.3.rel1.win32_1.0.0.202411081344/tools/bin/../lib/gcc/arm-none-eabi/13.3.1/thumb/v8-m.main+fp/hard/crtbegin.o
                0x08004a6c                        PROVIDE (__init_array_end = .)
                0x08004a6c                        . = ALIGN (0x4)

.fini_array     0x08004a6c        0x4
                0x08004a6c                        . = ALIGN (0x4)
                [!provide]                        PROVIDE (__fini_array_start = .)
 *(SORT_BY_NAME(.fini_array.*))
 *(.fini_array*)
 .fini_array    0x08004a6c        0x4 C:/ST/STM32CubeIDE_1.13.2/STM32CubeIDE/plugins/com.st.stm32cube.ide.mcu.externaltools.gnu-tools-for-stm32.13.3.rel1.win32_1.0.0.202411081344/tools/bin/../lib/gcc/arm-none-eabi/13.3.1/thumb/v8-m.main+fp/hard/crtbegin.o
                [!provide]                        PROVIDE (__fini_array_end = .)
                0x08004a70                        . = ALIGN (0x4)
                0x08004a70                        _sidata = LOADADDR (.data)

.rel.dyn        0x08004a70        0x0
 .rel.iplt      0x08004a70        0x0 C:/ST/STM32CubeIDE_1.13.2/STM32CubeIDE/plugins/com.st.stm32cube.ide.mcu.externaltools.gnu-tools-for-stm32.13.3.rel1.win32_1.0.0.202411081344/tools/bin/../lib/gcc/arm-none-eabi/13.3.1/thumb/v8-m.main+fp/hard/crtbegin.o

.data           0x20000000      0x428 load address 0x08004a70
                0x20000000                        . = ALIGN (0x4)
                0x20000000                        _sdata = .
 *(.data)
 *(.data*)
 .data.crc32_tab
                0x20000000      0x400 ./Core/Src/Boot.o
                0x20000000                crc32_tab
 .data.SystemCoreClock
                0x20000400        0x4 ./Core/Src/system_stm32h5xx.o
                0x20000400                SystemCoreClock
 .data.uwTickPrio
                0x20000404        0x4 ./Drivers/STM32H5xx_HAL_Driver/Src/stm32h5xx_hal.o
                0x20000404                uwTickPrio
 .data.uwTickFreq
                0x20000408        0x1 ./Drivers/STM32H5xx_HAL_Driver/Src/stm32h5xx_hal.o
                0x20000408                uwTickFreq
 *fill*         0x20000409        0x3 
 .data.pFlash   0x2000040c       0x1c ./Drivers/STM32H5xx_HAL_Driver/Src/stm32h5xx_hal_flash.o
                0x2000040c                pFlash
 *(.RamFunc)
 *(.RamFunc*)
                0x20000428                        . = ALIGN (0x4)
                0x20000428                        _edata = .

.igot.plt       0x20000428        0x0 load address 0x08004e98
 .igot.plt      0x20000428        0x0 C:/ST/STM32CubeIDE_1.13.2/STM32CubeIDE/plugins/com.st.stm32cube.ide.mcu.externaltools.gnu-tools-for-stm32.13.3.rel1.win32_1.0.0.202411081344/tools/bin/../lib/gcc/arm-none-eabi/13.3.1/thumb/v8-m.main+fp/hard/crtbegin.o
                0x20000428                        . = ALIGN (0x4)

.bss            0x20000428      0x1c8 load address 0x08004e98
                0x20000428                        _sbss = .
                0x20000428                        __bss_start__ = _sbss
 *(.bss)
 .bss           0x20000428       0x1c C:/ST/STM32CubeIDE_1.13.2/STM32CubeIDE/plugins/com.st.stm32cube.ide.mcu.externaltools.gnu-tools-for-stm32.13.3.rel1.win32_1.0.0.202411081344/tools/bin/../lib/gcc/arm-none-eabi/13.3.1/thumb/v8-m.main+fp/hard/crtbegin.o
 *(.bss*)
 .bss.crc       0x20000444        0x4 ./Core/Src/Boot.o
                0x20000444                crc
 .bss.main_footer
                0x20000448       0x40 ./Core/Src/Boot.o
                0x20000448                main_footer
 .bss.update_footer
                0x20000488       0x40 ./Core/Src/Boot.o
                0x20000488                update_footer
 .bss.default_footer
                0x200004c8       0x40 ./Core/Src/Boot.o
                0x200004c8                default_footer
 .bss.main_ok_fl
                0x20000508        0x1 ./Core/Src/Boot.o
                0x20000508                main_ok_fl
 .bss.update_ok_fl
                0x20000509        0x1 ./Core/Src/Boot.o
                0x20000509                update_ok_fl
 .bss.default_ok_fl
                0x2000050a        0x1 ./Core/Src/Boot.o
                0x2000050a                default_ok_fl
 .bss.is_change_main
                0x2000050b        0x1 ./Core/Src/Boot.o
                0x2000050b                is_change_main
 .bss.app_watchdog
                0x2000050c        0x1 ./Core/Src/Boot.o
                0x2000050c                app_watchdog
 .bss.g_boot_check_update_crc
                0x2000050d        0x1 ./Core/Src/Boot.o
                0x2000050d                g_boot_check_update_crc
 *fill*         0x2000050e        0x2 
 .bss.EraseInitStruct.0
                0x20000510       0x10 ./Core/Src/boot_app.o
 .bss.hfdcan1   0x20000520       0x64 ./Core/Src/main.o
                0x20000520                hfdcan1
 .bss.hfdcan2   0x20000584       0x64 ./Core/Src/main.o
                0x20000584                hfdcan2
 .bss.HAL_RCC_FDCAN_CLK_ENABLED
                0x200005e8        0x4 ./Core/Src/stm32h5xx_hal_msp.o
 .bss.uwTick    0x200005ec        0x4 ./Drivers/STM32H5xx_HAL_Driver/Src/stm32h5xx_hal.o
                0x200005ec                uwTick
 *(COMMON)
                0x200005f0                        . = ALIGN (0x4)
                0x200005f0                        _ebss = .
                0x200005f0                        __bss_end__ = _ebss

._user_heap_stack
                0x200005f0      0x600 load address 0x08004e98
                0x200005f0                        . = ALIGN (0x8)
                [!provide]                        PROVIDE (end = .)
                0x200005f0                        PROVIDE (_end = .)
                0x200007f0                        . = (. + _Min_Heap_Size)
 *fill*         0x200005f0      0x200 
                0x20000bf0                        . = (. + _Min_Stack_Size)
 *fill*         0x200007f0      0x400 
                0x20000bf0                        . = ALIGN (0x8)

/DISCARD/
 libc.a(*)
 libm.a(*)
 libgcc.a(*)

.ARM.attributes
                0x00000000       0x36
 *(.ARM.attributes)
 .ARM.attributes
                0x00000000       0x26 C:/ST/STM32CubeIDE_1.13.2/STM32CubeIDE/plugins/com.st.stm32cube.ide.mcu.externaltools.gnu-tools-for-stm32.13.3.rel1.win32_1.0.0.202411081344/tools/bin/../lib/gcc/arm-none-eabi/13.3.1/thumb/v8-m.main+fp/hard/crti.o
 .ARM.attributes
                0x00000026       0x38 C:/ST/STM32CubeIDE_1.13.2/STM32CubeIDE/plugins/com.st.stm32cube.ide.mcu.externaltools.gnu-tools-for-stm32.13.3.rel1.win32_1.0.0.202411081344/tools/bin/../lib/gcc/arm-none-eabi/13.3.1/thumb/v8-m.main+fp/hard/crtbegin.o
 .ARM.attributes
                0x0000005e       0x3a ./Core/Src/Boot.o
 .ARM.attributes
                0x00000098       0x3a ./Core/Src/boot_app.o
 .ARM.attributes
                0x000000d2       0x3a ./Core/Src/main.o
 .ARM.attributes
                0x0000010c       0x3a ./Core/Src/stm32h5xx_hal_msp.o
 .ARM.attributes
                0x00000146       0x3a ./Core/Src/stm32h5xx_it.o
 .ARM.attributes
                0x00000180       0x3a ./Core/Src/system_stm32h5xx.o
 .ARM.attributes
                0x000001ba       0x24 ./Core/Startup/startup_stm32h523retx.o
 .ARM.attributes
                0x000001de       0x3a ./Drivers/STM32H5xx_HAL_Driver/Src/stm32h5xx_hal.o
 .ARM.attributes
                0x00000218       0x3a ./Drivers/STM32H5xx_HAL_Driver/Src/stm32h5xx_hal_cortex.o
 .ARM.attributes
                0x00000252       0x3a ./Drivers/STM32H5xx_HAL_Driver/Src/stm32h5xx_hal_fdcan.o
 .ARM.attributes
                0x0000028c       0x3a ./Drivers/STM32H5xx_HAL_Driver/Src/stm32h5xx_hal_flash.o
 .ARM.attributes
                0x000002c6       0x3a ./Drivers/STM32H5xx_HAL_Driver/Src/stm32h5xx_hal_flash_ex.o
 .ARM.attributes
                0x00000300       0x3a ./Drivers/STM32H5xx_HAL_Driver/Src/stm32h5xx_hal_gpio.o
 .ARM.attributes
                0x0000033a       0x3a ./Drivers/STM32H5xx_HAL_Driver/Src/stm32h5xx_hal_rcc.o
 .ARM.attributes
                0x00000374       0x3a ./Drivers/STM32H5xx_HAL_Driver/Src/stm32h5xx_hal_rcc_ex.o
 .ARM.attributes
                0x000003ae       0x38 C:/ST/STM32CubeIDE_1.13.2/STM32CubeIDE/plugins/com.st.stm32cube.ide.mcu.externaltools.gnu-tools-for-stm32.13.3.rel1.win32_1.0.0.202411081344/tools/bin/../lib/gcc/arm-none-eabi/13.3.1/../../../../arm-none-eabi/lib/thumb/v8-m.main+fp/hard\libc_nano.a(libc_a-memcmp.o)
 .ARM.attributes
                0x000003e6       0x38 C:/ST/STM32CubeIDE_1.13.2/STM32CubeIDE/plugins/com.st.stm32cube.ide.mcu.externaltools.gnu-tools-for-stm32.13.3.rel1.win32_1.0.0.202411081344/tools/bin/../lib/gcc/arm-none-eabi/13.3.1/../../../../arm-none-eabi/lib/thumb/v8-m.main+fp/hard\libc_nano.a(libc_a-memset.o)
 .ARM.attributes
                0x0000041e       0x38 C:/ST/STM32CubeIDE_1.13.2/STM32CubeIDE/plugins/com.st.stm32cube.ide.mcu.externaltools.gnu-tools-for-stm32.13.3.rel1.win32_1.0.0.202411081344/tools/bin/../lib/gcc/arm-none-eabi/13.3.1/../../../../arm-none-eabi/lib/thumb/v8-m.main+fp/hard\libc_nano.a(libc_a-init.o)
 .ARM.attributes
                0x00000456       0x26 C:/ST/STM32CubeIDE_1.13.2/STM32CubeIDE/plugins/com.st.stm32cube.ide.mcu.externaltools.gnu-tools-for-stm32.13.3.rel1.win32_1.0.0.202411081344/tools/bin/../lib/gcc/arm-none-eabi/13.3.1/thumb/v8-m.main+fp/hard/crtn.o
OUTPUT(MCU_bootloader.elf elf32-littlearm)
LOAD linker stubs
LOAD C:/ST/STM32CubeIDE_1.13.2/STM32CubeIDE/plugins/com.st.stm32cube.ide.mcu.externaltools.gnu-tools-for-stm32.13.3.rel1.win32_1.0.0.202411081344/tools/bin/../lib/gcc/arm-none-eabi/13.3.1/../../../../arm-none-eabi/lib/thumb/v8-m.main+fp/hard\libc.a
LOAD C:/ST/STM32CubeIDE_1.13.2/STM32CubeIDE/plugins/com.st.stm32cube.ide.mcu.externaltools.gnu-tools-for-stm32.13.3.rel1.win32_1.0.0.202411081344/tools/bin/../lib/gcc/arm-none-eabi/13.3.1/../../../../arm-none-eabi/lib/thumb/v8-m.main+fp/hard\libm.a
LOAD C:/ST/STM32CubeIDE_1.13.2/STM32CubeIDE/plugins/com.st.stm32cube.ide.mcu.externaltools.gnu-tools-for-stm32.13.3.rel1.win32_1.0.0.202411081344/tools/bin/../lib/gcc/arm-none-eabi/13.3.1/thumb/v8-m.main+fp/hard\libgcc.a

.debug_info     0x00000000     0xc707
 .debug_info    0x00000000      0x508 ./Core/Src/Boot.o
 .debug_info    0x00000508      0xacb ./Core/Src/boot_app.o
 .debug_info    0x00000fd3     0x11bb ./Core/Src/main.o
 .debug_info    0x0000218e      0xf00 ./Core/Src/stm32h5xx_hal_msp.o
 .debug_info    0x0000308e      0x4dd ./Core/Src/stm32h5xx_it.o
 .debug_info    0x0000356b      0xce0 ./Core/Src/system_stm32h5xx.o
 .debug_info    0x0000424b       0x30 ./Core/Startup/startup_stm32h523retx.o
 .debug_info    0x0000427b     0x12f0 ./Drivers/STM32H5xx_HAL_Driver/Src/stm32h5xx_hal.o
 .debug_info    0x0000556b     0x15ce ./Drivers/STM32H5xx_HAL_Driver/Src/stm32h5xx_hal_cortex.o
 .debug_info    0x00006b39     0x1920 ./Drivers/STM32H5xx_HAL_Driver/Src/stm32h5xx_hal_fdcan.o
 .debug_info    0x00008459      0xa61 ./Drivers/STM32H5xx_HAL_Driver/Src/stm32h5xx_hal_flash.o
 .debug_info    0x00008eba      0xf8a ./Drivers/STM32H5xx_HAL_Driver/Src/stm32h5xx_hal_flash_ex.o
 .debug_info    0x00009e44      0x6b6 ./Drivers/STM32H5xx_HAL_Driver/Src/stm32h5xx_hal_gpio.o
 .debug_info    0x0000a4fa     0x1009 ./Drivers/STM32H5xx_HAL_Driver/Src/stm32h5xx_hal_rcc.o
 .debug_info    0x0000b503     0x1204 ./Drivers/STM32H5xx_HAL_Driver/Src/stm32h5xx_hal_rcc_ex.o

.debug_abbrev   0x00000000     0x2048
 .debug_abbrev  0x00000000      0x1e3 ./Core/Src/Boot.o
 .debug_abbrev  0x000001e3      0x2f8 ./Core/Src/boot_app.o
 .debug_abbrev  0x000004db      0x25c ./Core/Src/main.o
 .debug_abbrev  0x00000737      0x1d2 ./Core/Src/stm32h5xx_hal_msp.o
 .debug_abbrev  0x00000909      0x175 ./Core/Src/stm32h5xx_it.o
 .debug_abbrev  0x00000a7e      0x13a ./Core/Src/system_stm32h5xx.o
 .debug_abbrev  0x00000bb8       0x24 ./Core/Startup/startup_stm32h523retx.o
 .debug_abbrev  0x00000bdc      0x2af ./Drivers/STM32H5xx_HAL_Driver/Src/stm32h5xx_hal.o
 .debug_abbrev  0x00000e8b      0x311 ./Drivers/STM32H5xx_HAL_Driver/Src/stm32h5xx_hal_cortex.o
 .debug_abbrev  0x0000119c      0x20b ./Drivers/STM32H5xx_HAL_Driver/Src/stm32h5xx_hal_fdcan.o
 .debug_abbrev  0x000013a7      0x31a ./Drivers/STM32H5xx_HAL_Driver/Src/stm32h5xx_hal_flash.o
 .debug_abbrev  0x000016c1      0x2c0 ./Drivers/STM32H5xx_HAL_Driver/Src/stm32h5xx_hal_flash_ex.o
 .debug_abbrev  0x00001981      0x1db ./Drivers/STM32H5xx_HAL_Driver/Src/stm32h5xx_hal_gpio.o
 .debug_abbrev  0x00001b5c      0x290 ./Drivers/STM32H5xx_HAL_Driver/Src/stm32h5xx_hal_rcc.o
 .debug_abbrev  0x00001dec      0x25c ./Drivers/STM32H5xx_HAL_Driver/Src/stm32h5xx_hal_rcc_ex.o

.debug_aranges  0x00000000      0xb48
 .debug_aranges
                0x00000000       0x40 ./Core/Src/Boot.o
 .debug_aranges
                0x00000040       0x90 ./Core/Src/boot_app.o
 .debug_aranges
                0x000000d0       0x48 ./Core/Src/main.o
 .debug_aranges
                0x00000118       0x30 ./Core/Src/stm32h5xx_hal_msp.o
 .debug_aranges
                0x00000148       0x68 ./Core/Src/stm32h5xx_it.o
 .debug_aranges
                0x000001b0       0x28 ./Core/Src/system_stm32h5xx.o
 .debug_aranges
                0x000001d8       0x28 ./Core/Startup/startup_stm32h523retx.o
 .debug_aranges
                0x00000200      0x1f8 ./Drivers/STM32H5xx_HAL_Driver/Src/stm32h5xx_hal.o
 .debug_aranges
                0x000003f8      0x140 ./Drivers/STM32H5xx_HAL_Driver/Src/stm32h5xx_hal_cortex.o
 .debug_aranges
                0x00000538      0x208 ./Drivers/STM32H5xx_HAL_Driver/Src/stm32h5xx_hal_fdcan.o
 .debug_aranges
                0x00000740       0x98 ./Drivers/STM32H5xx_HAL_Driver/Src/stm32h5xx_hal_flash.o
 .debug_aranges
                0x000007d8      0x150 ./Drivers/STM32H5xx_HAL_Driver/Src/stm32h5xx_hal_flash_ex.o
 .debug_aranges
                0x00000928       0x78 ./Drivers/STM32H5xx_HAL_Driver/Src/stm32h5xx_hal_gpio.o
 .debug_aranges
                0x000009a0       0xa0 ./Drivers/STM32H5xx_HAL_Driver/Src/stm32h5xx_hal_rcc.o
 .debug_aranges
                0x00000a40      0x108 ./Drivers/STM32H5xx_HAL_Driver/Src/stm32h5xx_hal_rcc_ex.o

.debug_rnglists
                0x00000000      0x869
 .debug_rnglists
                0x00000000       0x2d ./Core/Src/Boot.o
 .debug_rnglists
                0x0000002d       0x6b ./Core/Src/boot_app.o
 .debug_rnglists
                0x00000098       0x34 ./Core/Src/main.o
 .debug_rnglists
                0x000000cc       0x21 ./Core/Src/stm32h5xx_hal_msp.o
 .debug_rnglists
                0x000000ed       0x49 ./Core/Src/stm32h5xx_it.o
 .debug_rnglists
                0x00000136       0x1b ./Core/Src/system_stm32h5xx.o
 .debug_rnglists
                0x00000151       0x19 ./Core/Startup/startup_stm32h523retx.o
 .debug_rnglists
                0x0000016a      0x177 ./Drivers/STM32H5xx_HAL_Driver/Src/stm32h5xx_hal.o
 .debug_rnglists
                0x000002e1       0xec ./Drivers/STM32H5xx_HAL_Driver/Src/stm32h5xx_hal_cortex.o
 .debug_rnglists
                0x000003cd      0x18d ./Drivers/STM32H5xx_HAL_Driver/Src/stm32h5xx_hal_fdcan.o
 .debug_rnglists
                0x0000055a       0x72 ./Drivers/STM32H5xx_HAL_Driver/Src/stm32h5xx_hal_flash.o
 .debug_rnglists
                0x000005cc       0xfe ./Drivers/STM32H5xx_HAL_Driver/Src/stm32h5xx_hal_flash_ex.o
 .debug_rnglists
                0x000006ca       0x57 ./Drivers/STM32H5xx_HAL_Driver/Src/stm32h5xx_hal_gpio.o
 .debug_rnglists
                0x00000721       0x79 ./Drivers/STM32H5xx_HAL_Driver/Src/stm32h5xx_hal_rcc.o
 .debug_rnglists
                0x0000079a       0xcf ./Drivers/STM32H5xx_HAL_Driver/Src/stm32h5xx_hal_rcc_ex.o

.debug_macro    0x00000000    0x296ba
 .debug_macro   0x00000000      0x14e ./Core/Src/Boot.o
 .debug_macro   0x0000014e      0xade ./Core/Src/Boot.o
 .debug_macro   0x00000c2c       0x22 ./Core/Src/Boot.o
 .debug_macro   0x00000c4e       0x8e ./Core/Src/Boot.o
 .debug_macro   0x00000cdc       0x51 ./Core/Src/Boot.o
 .debug_macro   0x00000d2d      0x103 ./Core/Src/Boot.o
 .debug_macro   0x00000e30       0x6a ./Core/Src/Boot.o
 .debug_macro   0x00000e9a      0x1df ./Core/Src/Boot.o
 .debug_macro   0x00001079       0x22 ./Core/Src/Boot.o
 .debug_macro   0x0000109b       0x61 ./Core/Src/Boot.o
 .debug_macro   0x000010fc       0x2a ./Core/Src/Boot.o
 .debug_macro   0x00001126       0x43 ./Core/Src/Boot.o
 .debug_macro   0x00001169       0x34 ./Core/Src/Boot.o
 .debug_macro   0x0000119d      0x190 ./Core/Src/Boot.o
 .debug_macro   0x0000132d      0x370 ./Core/Src/Boot.o
 .debug_macro   0x0000169d       0x16 ./Core/Src/Boot.o
 .debug_macro   0x000016b3       0x4a ./Core/Src/Boot.o
 .debug_macro   0x000016fd       0x34 ./Core/Src/Boot.o
 .debug_macro   0x00001731       0x10 ./Core/Src/Boot.o
 .debug_macro   0x00001741       0x58 ./Core/Src/Boot.o
 .debug_macro   0x00001799       0x8e ./Core/Src/Boot.o
 .debug_macro   0x00001827       0x1c ./Core/Src/Boot.o
 .debug_macro   0x00001843      0x185 ./Core/Src/Boot.o
 .debug_macro   0x000019c8       0x10 ./Core/Src/Boot.o
 .debug_macro   0x000019d8       0x3c ./Core/Src/Boot.o
 .debug_macro   0x00001a14       0x20 ./Core/Src/Boot.o
 .debug_macro   0x00001a34       0x28 ./Core/Src/Boot.o
 .debug_macro   0x00001a5c      0x2b0 ./Core/Src/boot_app.o
 .debug_macro   0x00001d0c      0x1af ./Core/Src/boot_app.o
 .debug_macro   0x00001ebb       0x5b ./Core/Src/boot_app.o
 .debug_macro   0x00001f16       0x94 ./Core/Src/boot_app.o
 .debug_macro   0x00001faa       0x57 ./Core/Src/boot_app.o
 .debug_macro   0x00002001      0x19b ./Core/Src/boot_app.o
 .debug_macro   0x0000219c       0x28 ./Core/Src/boot_app.o
 .debug_macro   0x000021c4       0x42 ./Core/Src/boot_app.o
 .debug_macro   0x00002206       0x1c ./Core/Src/boot_app.o
 .debug_macro   0x00002222       0x29 ./Core/Src/boot_app.o
 .debug_macro   0x0000224b       0xfb ./Core/Src/boot_app.o
 .debug_macro   0x00002346     0x1685 ./Core/Src/boot_app.o
 .debug_macro   0x000039cb       0x5e ./Core/Src/boot_app.o
 .debug_macro   0x00003a29    0x1b39d ./Core/Src/boot_app.o
 .debug_macro   0x0001edc6       0x6d ./Core/Src/boot_app.o
 .debug_macro   0x0001ee33     0x388a ./Core/Src/boot_app.o
 .debug_macro   0x000226bd       0x63 ./Core/Src/boot_app.o
 .debug_macro   0x00022720     0x19b8 ./Core/Src/boot_app.o
 .debug_macro   0x000240d8      0xa9f ./Core/Src/boot_app.o
 .debug_macro   0x00024b77      0x166 ./Core/Src/boot_app.o
 .debug_macro   0x00024cdd      0x262 ./Core/Src/boot_app.o
 .debug_macro   0x00024f3f      0x72d ./Core/Src/boot_app.o
 .debug_macro   0x0002566c      0x424 ./Core/Src/boot_app.o
 .debug_macro   0x00025a90       0xd6 ./Core/Src/boot_app.o
 .debug_macro   0x00025b66      0x1cd ./Core/Src/boot_app.o
 .debug_macro   0x00025d33      0x2bb ./Core/Src/boot_app.o
 .debug_macro   0x00025fee      0x57b ./Core/Src/boot_app.o
 .debug_macro   0x00026569       0x7b ./Core/Src/boot_app.o
 .debug_macro   0x000265e4      0x313 ./Core/Src/boot_app.o
 .debug_macro   0x000268f7      0x1bb ./Core/Src/boot_app.o
 .debug_macro   0x00026ab2      0x253 ./Core/Src/boot_app.o
 .debug_macro   0x00026d05      0x6bd ./Core/Src/boot_app.o
 .debug_macro   0x000273c2      0x469 ./Core/Src/boot_app.o
 .debug_macro   0x0002782b       0x16 ./Core/Src/boot_app.o
 .debug_macro   0x00027841       0x34 ./Core/Src/boot_app.o
 .debug_macro   0x00027875      0x2a1 ./Core/Src/main.o
 .debug_macro   0x00027b16      0x259 ./Core/Src/stm32h5xx_hal_msp.o
 .debug_macro   0x00027d6f      0x2ab ./Core/Src/stm32h5xx_it.o
 .debug_macro   0x0002801a      0x256 ./Core/Src/system_stm32h5xx.o
 .debug_macro   0x00028270      0x285 ./Drivers/STM32H5xx_HAL_Driver/Src/stm32h5xx_hal.o
 .debug_macro   0x000284f5      0x24f ./Drivers/STM32H5xx_HAL_Driver/Src/stm32h5xx_hal_cortex.o
 .debug_macro   0x00028744      0x361 ./Drivers/STM32H5xx_HAL_Driver/Src/stm32h5xx_hal_fdcan.o
 .debug_macro   0x00028aa5      0x24f ./Drivers/STM32H5xx_HAL_Driver/Src/stm32h5xx_hal_flash.o
 .debug_macro   0x00028cf4      0x24f ./Drivers/STM32H5xx_HAL_Driver/Src/stm32h5xx_hal_flash_ex.o
 .debug_macro   0x00028f43      0x285 ./Drivers/STM32H5xx_HAL_Driver/Src/stm32h5xx_hal_gpio.o
 .debug_macro   0x000291c8      0x291 ./Drivers/STM32H5xx_HAL_Driver/Src/stm32h5xx_hal_rcc.o
 .debug_macro   0x00029459      0x261 ./Drivers/STM32H5xx_HAL_Driver/Src/stm32h5xx_hal_rcc_ex.o

.debug_line     0x00000000     0xd4ea
 .debug_line    0x00000000      0x8bf ./Core/Src/Boot.o
 .debug_line    0x000008bf      0xbe0 ./Core/Src/boot_app.o
 .debug_line    0x0000149f      0x9cd ./Core/Src/main.o
 .debug_line    0x00001e6c      0x8fa ./Core/Src/stm32h5xx_hal_msp.o
 .debug_line    0x00002766      0x974 ./Core/Src/stm32h5xx_it.o
 .debug_line    0x000030da      0x9b3 ./Core/Src/system_stm32h5xx.o
 .debug_line    0x00003a8d       0x7b ./Core/Startup/startup_stm32h523retx.o
 .debug_line    0x00003b08      0xf3b ./Drivers/STM32H5xx_HAL_Driver/Src/stm32h5xx_hal.o
 .debug_line    0x00004a43      0xe82 ./Drivers/STM32H5xx_HAL_Driver/Src/stm32h5xx_hal_cortex.o
 .debug_line    0x000058c5     0x19b0 ./Drivers/STM32H5xx_HAL_Driver/Src/stm32h5xx_hal_fdcan.o
 .debug_line    0x00007275      0xc3a ./Drivers/STM32H5xx_HAL_Driver/Src/stm32h5xx_hal_flash.o
 .debug_line    0x00007eaf     0x125e ./Drivers/STM32H5xx_HAL_Driver/Src/stm32h5xx_hal_flash_ex.o
 .debug_line    0x0000910d      0xc3c ./Drivers/STM32H5xx_HAL_Driver/Src/stm32h5xx_hal_gpio.o
 .debug_line    0x00009d49     0x13cb ./Drivers/STM32H5xx_HAL_Driver/Src/stm32h5xx_hal_rcc.o
 .debug_line    0x0000b114     0x23d6 ./Drivers/STM32H5xx_HAL_Driver/Src/stm32h5xx_hal_rcc_ex.o

.debug_str      0x00000000   0x10454f
 .debug_str     0x00000000   0x10454f ./Core/Src/Boot.o
                               0x7653 (size before relaxing)
 .debug_str     0x0010454f    0xffb5d ./Core/Src/boot_app.o
 .debug_str     0x0010454f    0xfffd9 ./Core/Src/main.o
 .debug_str     0x0010454f    0xffe4e ./Core/Src/stm32h5xx_hal_msp.o
 .debug_str     0x0010454f    0xff7ae ./Core/Src/stm32h5xx_it.o
 .debug_str     0x0010454f    0xffa0b ./Core/Src/system_stm32h5xx.o
 .debug_str     0x0010454f       0x86 ./Core/Startup/startup_stm32h523retx.o
 .debug_str     0x0010454f   0x100799 ./Drivers/STM32H5xx_HAL_Driver/Src/stm32h5xx_hal.o
 .debug_str     0x0010454f   0x100354 ./Drivers/STM32H5xx_HAL_Driver/Src/stm32h5xx_hal_cortex.o
 .debug_str     0x0010454f   0x100bdd ./Drivers/STM32H5xx_HAL_Driver/Src/stm32h5xx_hal_fdcan.o
 .debug_str     0x0010454f    0xffa05 ./Drivers/STM32H5xx_HAL_Driver/Src/stm32h5xx_hal_flash.o
 .debug_str     0x0010454f    0xffe29 ./Drivers/STM32H5xx_HAL_Driver/Src/stm32h5xx_hal_flash_ex.o
 .debug_str     0x0010454f    0xff7e2 ./Drivers/STM32H5xx_HAL_Driver/Src/stm32h5xx_hal_gpio.o
 .debug_str     0x0010454f    0xfff50 ./Drivers/STM32H5xx_HAL_Driver/Src/stm32h5xx_hal_rcc.o
 .debug_str     0x0010454f   0x1001da ./Drivers/STM32H5xx_HAL_Driver/Src/stm32h5xx_hal_rcc_ex.o

.comment        0x00000000       0x43
 .comment       0x00000000       0x43 ./Core/Src/Boot.o
                                 0x44 (size before relaxing)
 .comment       0x00000043       0x44 ./Core/Src/boot_app.o
 .comment       0x00000043       0x44 ./Core/Src/main.o
 .comment       0x00000043       0x44 ./Core/Src/stm32h5xx_hal_msp.o
 .comment       0x00000043       0x44 ./Core/Src/stm32h5xx_it.o
 .comment       0x00000043       0x44 ./Core/Src/system_stm32h5xx.o
 .comment       0x00000043       0x44 ./Drivers/STM32H5xx_HAL_Driver/Src/stm32h5xx_hal.o
 .comment       0x00000043       0x44 ./Drivers/STM32H5xx_HAL_Driver/Src/stm32h5xx_hal_cortex.o
 .comment       0x00000043       0x44 ./Drivers/STM32H5xx_HAL_Driver/Src/stm32h5xx_hal_fdcan.o
 .comment       0x00000043       0x44 ./Drivers/STM32H5xx_HAL_Driver/Src/stm32h5xx_hal_flash.o
 .comment       0x00000043       0x44 ./Drivers/STM32H5xx_HAL_Driver/Src/stm32h5xx_hal_flash_ex.o
 .comment       0x00000043       0x44 ./Drivers/STM32H5xx_HAL_Driver/Src/stm32h5xx_hal_gpio.o
 .comment       0x00000043       0x44 ./Drivers/STM32H5xx_HAL_Driver/Src/stm32h5xx_hal_rcc.o
 .comment       0x00000043       0x44 ./Drivers/STM32H5xx_HAL_Driver/Src/stm32h5xx_hal_rcc_ex.o

.debug_frame    0x00000000     0x2e14
 .debug_frame   0x00000000       0xd0 ./Core/Src/Boot.o
 .debug_frame   0x000000d0      0x20c ./Core/Src/boot_app.o
 .debug_frame   0x000002dc       0xc8 ./Core/Src/main.o
 .debug_frame   0x000003a4       0x7c ./Core/Src/stm32h5xx_hal_msp.o
 .debug_frame   0x00000420      0x120 ./Core/Src/stm32h5xx_it.o
 .debug_frame   0x00000540       0x60 ./Core/Src/system_stm32h5xx.o
 .debug_frame   0x000005a0      0x800 ./Drivers/STM32H5xx_HAL_Driver/Src/stm32h5xx_hal.o
 .debug_frame   0x00000da0      0x560 ./Drivers/STM32H5xx_HAL_Driver/Src/stm32h5xx_hal_cortex.o
 .debug_frame   0x00001300      0x9b0 ./Drivers/STM32H5xx_HAL_Driver/Src/stm32h5xx_hal_fdcan.o
 .debug_frame   0x00001cb0      0x264 ./Drivers/STM32H5xx_HAL_Driver/Src/stm32h5xx_hal_flash.o
 .debug_frame   0x00001f14      0x5c8 ./Drivers/STM32H5xx_HAL_Driver/Src/stm32h5xx_hal_flash_ex.o
 .debug_frame   0x000024dc      0x1ec ./Drivers/STM32H5xx_HAL_Driver/Src/stm32h5xx_hal_gpio.o
 .debug_frame   0x000026c8      0x268 ./Drivers/STM32H5xx_HAL_Driver/Src/stm32h5xx_hal_rcc.o
 .debug_frame   0x00002930      0x470 ./Drivers/STM32H5xx_HAL_Driver/Src/stm32h5xx_hal_rcc_ex.o
 .debug_frame   0x00002da0       0x28 C:/ST/STM32CubeIDE_1.13.2/STM32CubeIDE/plugins/com.st.stm32cube.ide.mcu.externaltools.gnu-tools-for-stm32.13.3.rel1.win32_1.0.0.202411081344/tools/bin/../lib/gcc/arm-none-eabi/13.3.1/../../../../arm-none-eabi/lib/thumb/v8-m.main+fp/hard\libc_nano.a(libc_a-memcmp.o)
 .debug_frame   0x00002dc8       0x20 C:/ST/STM32CubeIDE_1.13.2/STM32CubeIDE/plugins/com.st.stm32cube.ide.mcu.externaltools.gnu-tools-for-stm32.13.3.rel1.win32_1.0.0.202411081344/tools/bin/../lib/gcc/arm-none-eabi/13.3.1/../../../../arm-none-eabi/lib/thumb/v8-m.main+fp/hard\libc_nano.a(libc_a-memset.o)
 .debug_frame   0x00002de8       0x2c C:/ST/STM32CubeIDE_1.13.2/STM32CubeIDE/plugins/com.st.stm32cube.ide.mcu.externaltools.gnu-tools-for-stm32.13.3.rel1.win32_1.0.0.202411081344/tools/bin/../lib/gcc/arm-none-eabi/13.3.1/../../../../arm-none-eabi/lib/thumb/v8-m.main+fp/hard\libc_nano.a(libc_a-init.o)

.debug_line_str
                0x00000000       0x6a
 .debug_line_str
                0x00000000       0x6a ./Core/Startup/startup_stm32h523retx.o
