../Drivers/CMSIS/Include/core_cm33.h:2711:34:__NVIC_SystemReset	4	static,ignoring_inline_asm
../Core/Src/boot_app.c:14:10:ReadBootWatchDog	16	static
../Core/Src/boot_app.c:21:6:WriteBootWatchDog	32	static
../Core/Src/boot_app.c:32:10:ReadProgramWatchDog	4	static
../Core/Src/boot_app.c:39:6:EraseCfg	4	static
../Core/Src/boot_app.c:44:10:GetMainCodeAdr	4	static
../Core/Src/boot_app.c:48:10:GetUpdateCodeAdr	4	static
../Core/Src/boot_app.c:52:10:GetDefaultCodeAdr	4	static
../Core/Src/boot_app.c:56:9:EraseApp	24	static
../Core/Src/boot_app.c:98:9:SetApp	48	static
../Core/Src/boot_app.c:127:6:ResetMCU	8	static
../Core/Src/boot_app.c:131:10:GetWord	32	static
../Core/Src/boot_app.c:156:9:GetByte	32	static
../Core/Src/boot_app.c:181:9:SetWord	40	static
../Core/Src/boot_app.c:219:6:CallApplication	32	static,ignoring_inline_asm
