../Drivers/CMSIS/Include/core_cm33.h:2711:34:__NVIC_SystemReset	4	static,ignoring_inline_asm
../Core/Src/stm32h5xx_it.c:71:6:NMI_Handler	8	static
../Core/Src/stm32h5xx_it.c:92:6:HardFault_Handler	4	static
../Core/Src/stm32h5xx_it.c:107:6:MemManage_Handler	4	static
../Core/Src/stm32h5xx_it.c:122:6:BusFault_Handler	4	static
../Core/Src/stm32h5xx_it.c:137:6:UsageFault_Handler	4	static
../Core/Src/stm32h5xx_it.c:152:6:SVC_Handler	4	static
../Core/Src/stm32h5xx_it.c:165:6:DebugMon_Handler	4	static
../Core/Src/stm32h5xx_it.c:178:6:PendSV_Handler	4	static
../Core/Src/stm32h5xx_it.c:191:6:SysTick_Handler	8	static
